S.no,Testcase #,Test type,Source,Bitstream,Resolution&Fps,Codec,Target Bitrate,Max Bitrate,Control Rate,GOP Mode,GOP Length,B-Frames,Format,Latency Mode,Profile,QP Mode,Num Slices,Num buffers,Prefetch Buffer,Mode,Slice size,Dependent slice,CPB size,Initial delay,Min QP,Max QP,Quant-I-frames,Quant-P-frames,Quant-B-frames,Filler-data,Low-bandwidth,Periodicity-idr,GDR Mode,Entropy Mode,Intra-prediction,Loop-filter-mode,Scaling-list,Aspect-ratio,Level,Tier,Entropy-buffers
99,L0_099,maxbitrate,HDMI,Gran_Turismo_4Kp60.mp4,4kp60,AVC,60000,NA,constant,basic,30,0,NV12,normal,main,auto,8,3600,TRUE,serial,NA,NA,NA,NA,NA,NA,NA,NA,NA,NA,NA,NA,NA,NA,NA,NA,NA,NA,NA,NA,NA
100,L0_100,maxbitrate,HDMI,Gran_Turismo_4Kp60.mp4,4kp60,HEVC,80000,NA,constant,basic,30,4,NV12,normal,main,auto,8,3600,TRUE,serial,NA,NA,NA,NA,NA,NA,NA,NA,NA,NA,NA,NA,NA,NA,NA,NA,NA,NA,NA,NA,NA
101,L0_101,maxbitrate,HDMI,Gran_Turismo_4Kp60.mp4,4kp60,AVC,60000,NA,variable,basic,30,0,NV12,normal,main,auto,8,3600,TRUE,encode,NA,NA,NA,NA,NA,NA,NA,NA,NA,NA,NA,NA,NA,NA,NA,NA,NA,NA,NA,NA,NA
102,L0_102,maxbitrate,HDMI,Gran_Turismo_4Kp60.mp4,4kp60,HEVC,100000,NA,variable,basic,0,0,NV12,normal,main,auto,8,3600,TRUE,encode,NA,NA,NA,NA,NA,NA,NA,NA,NA,NA,NA,NA,NA,NA,NA,NA,NA,NA,NA,NA,NA
