#S.no,Testcase #,Test type,Source,Bitstream,Resolution&Fps,Codec,Target Bitrate,Max Bitrate,Control Rate,GOP Mode,GOP Length,B-Frames,Format,Latency Mode,Profile,QP Mode,Num Slices,Num buffers,Prefetch Buffer,Mode,Display,Sample_Gst_Pipeline,Comments
run_list+=" \
430,L2_430,file_playback,File,Gran_Turismo_4Kp30.mp4,4kp30,AVC,60000,NA,constant,basic,NA,0,nv16,normal,baseline,NA,NA,3600,NA,repeat-file-play,DP
431,L2_431,file_playback,File,Gran_Turismo_4Kp30.mp4,4kp30,AVC,60000,NA,constant,basic,NA,4,nv16,normal,main,NA,NA,3600,NA,loop-seek,DP
432,L2_432,file_playback,File,Gran_Turismo_4Kp30.mp4,4kp30,HEVC,60000,NA,constant,basic,NA,4,nv16,normal,main,NA,NA,3600,NA,loop-playback,DP
433,L2_433,file_playback,File,Gran_Turismo_4Kp30.mp4,4kp30,AVC,60000,NA,constant,basic,NA,4,nv16,normal,high,NA,NA,3600,NA,loop-play-eos,DP
434,L2_434,file_playback,File,Gran_Turismo_4Kp30.mp4,4kp30,AVC,60000,NA,constant,basic,NA,0,nv16,reduced-latency,baseline,NA,NA,3600,NA,loop-playback,DP
435,L2_435,file_playback,File,Gran_Turismo_4Kp30.mp4,4kp30,AVC,60000,NA,constant,basic,NA,0,nv16,reduced-latency,main,NA,NA,3600,NA,loop-play-eos,DP
436,L2_436,file_playback,File,Gran_Turismo_4Kp30.mp4,4kp30,HEVC,60000,NA,constant,basic,NA,0,nv16,reduced-latency,main,NA,NA,3600,NA,repeat-file-play,DP
437,L2_437,file_playback,File,Gran_Turismo_4Kp30.mp4,4kp30,AVC,60000,NA,constant,basic,NA,0,nv16,reduced-latency,high,NA,NA,3600,NA,loop-seek,DP
438,L2_438,file_playback,File,Gran_Turismo_4Kp30.mp4,4kp30,AVC,60000,NA,constant,basic,NA,0,nv16,low-latency,baseline,NA,NA,3600,NA,loop-play-eos,DP
439,L2_439,file_playback,File,Gran_Turismo_4Kp30.mp4,4kp30,AVC,60000,NA,constant,basic,NA,0,nv16,low-latency,main,NA,NA,3600,NA,loop-playback,DP
440,L2_440,file_playback,File,Gran_Turismo_4Kp30.mp4,4kp30,HEVC,60000,NA,constant,basic,NA,0,nv16,low-latency,main,NA,NA,3600,NA,loop-seek,DP
441,L2_441,file_playback,File,Gran_Turismo_4Kp30.mp4,4kp30,AVC,60000,NA,constant,basic,NA,0,nv16,low-latency,high,NA,NA,3600,NA,repeat-file-play,DP
442,L2_442,file_playback,File,Gran_Turismo_4Kp30.mp4,4kp30,AVC,60000,NA,constant,basic,NA,0,nv12-10le32,normal,baseline,NA,NA,3600,NA,loop-seek,DP
443,L2_443,file_playback,File,Gran_Turismo_4Kp30.mp4,4kp30,AVC,60000,NA,constant,basic,NA,4,nv12-10le32,normal,main,NA,NA,3600,NA,repeat-file-play,DP
444,L2_444,file_playback,File,Gran_Turismo_4Kp30.mp4,4kp30,HEVC,60000,NA,constant,basic,NA,4,nv12-10le32,normal,main,NA,NA,3600,NA,loop-play-eos,DP
445,L2_445,file_playback,File,Gran_Turismo_4Kp30.mp4,4kp30,AVC,60000,NA,constant,basic,NA,4,nv12-10le32,normal,high,NA,NA,3600,NA,loop-playback,DP
446,L2_446,file_playback,File,Gran_Turismo_4Kp30.mp4,4kp30,AVC,60000,NA,constant,basic,NA,0,nv12-10le32,reduced-latency,baseline,NA,NA,3600,NA,repeat-file-play,DP
447,L2_447,file_playback,File,Gran_Turismo_4Kp30.mp4,4kp30,AVC,60000,NA,constant,basic,NA,0,nv12-10le32,reduced-latency,main,NA,NA,3600,NA,loop-seek,DP
448,L2_448,file_playback,File,Gran_Turismo_4Kp30.mp4,4kp30,HEVC,60000,NA,constant,basic,NA,0,nv12-10le32,reduced-latency,main,NA,NA,3600,NA,loop-playback,DP
449,L2_449,file_playback,File,Gran_Turismo_4Kp30.mp4,4kp30,AVC,60000,NA,constant,basic,NA,0,nv12-10le32,reduced-latency,high,NA,NA,3600,NA,loop-play-eos,DP
450,L2_450,file_playback,File,Gran_Turismo_4Kp30.mp4,4kp30,AVC,60000,NA,constant,basic,NA,0,nv12-10le32,low-latency,baseline,NA,NA,3600,NA,loop-playback,DP
451,L2_451,file_playback,File,Gran_Turismo_4Kp30.mp4,4kp30,AVC,60000,NA,constant,basic,NA,0,nv12-10le32,low-latency,main,NA,NA,3600,NA,loop-play-eos,DP
452,L2_452,file_playback,File,Gran_Turismo_4Kp30.mp4,4kp30,HEVC,60000,NA,constant,basic,NA,0,nv12-10le32,low-latency,main,NA,NA,3600,NA,repeat-file-play,DP
453,L2_453,file_playback,File,Gran_Turismo_4Kp30.mp4,4kp30,AVC,60000,NA,constant,basic,NA,0,nv12-10le32,low-latency,high,NA,NA,3600,NA,loop-seek,DP
454,L2_454,file_playback,File,Gran_Turismo_4Kp30.mp4,4kp30,AVC,60000,NA,constant,basic,NA,0,nv16-10le32,normal,baseline,NA,NA,3600,NA,loop-play-eos,DP
455,L2_455,file_playback,File,Gran_Turismo_4Kp30.mp4,4kp30,AVC,60000,NA,constant,basic,NA,4,nv16-10le32,normal,main,NA,NA,3600,NA,loop-playback,DP
456,L2_456,file_playback,File,Gran_Turismo_4Kp30.mp4,4kp30,HEVC,60000,NA,constant,basic,NA,4,nv16-10le32,normal,main,NA,NA,3600,NA,loop-seek,DP
457,L2_457,file_playback,File,Gran_Turismo_4Kp30.mp4,4kp30,AVC,60000,NA,constant,basic,NA,4,nv16-10le32,normal,high,NA,NA,3600,NA,repeat-file-play,DP
458,L2_458,file_playback,File,Gran_Turismo_4Kp30.mp4,4kp30,AVC,60000,NA,constant,basic,NA,0,nv16-10le32,reduced-latency,baseline,NA,NA,3600,NA,loop-seek,DP
459,L2_459,file_playback,File,Gran_Turismo_4Kp30.mp4,4kp30,AVC,60000,NA,constant,basic,NA,0,nv16-10le32,reduced-latency,main,NA,NA,3600,NA,repeat-file-play,DP
460,L2_460,file_playback,File,Gran_Turismo_4Kp30.mp4,4kp30,HEVC,60000,NA,constant,basic,NA,0,nv16-10le32,reduced-latency,main,NA,NA,3600,NA,loop-play-eos,DP
461,L2_461,file_playback,File,Gran_Turismo_4Kp30.mp4,4kp30,AVC,60000,NA,constant,basic,NA,0,nv16-10le32,reduced-latency,high,NA,NA,3600,NA,loop-playback,DP
462,L2_462,file_playback,File,Gran_Turismo_4Kp30.mp4,4kp30,AVC,60000,NA,constant,basic,NA,0,nv16-10le32,low-latency,baseline,NA,NA,3600,NA,repeat-file-play,DP
463,L2_463,file_playback,File,Gran_Turismo_4Kp30.mp4,4kp30,AVC,60000,NA,constant,basic,NA,0,nv16-10le32,low-latency,main,NA,NA,3600,NA,loop-seek,DP
464,L2_464,file_playback,File,Gran_Turismo_4Kp30.mp4,4kp30,HEVC,60000,NA,constant,basic,NA,0,nv16-10le32,low-latency,main,NA,NA,3600,NA,loop-playback,DP
465,L2_465,file_playback,File,Gran_Turismo_4Kp30.mp4,4kp30,AVC,60000,NA,constant,basic,NA,0,nv16-10le32,low-latency,high,NA,NA,3600,NA,loop-play-eos,DP
478,L2_478,file_playback,File,BBB_1080p60.mp4,1080p60,AVC,30000,NA,constant,basic,NA,0,nv16,normal,baseline,NA,NA,7200,NA,repeat-file-play,DP
479,L2_479,file_playback,File,BBB_1080p60.mp4,1080p60,AVC,30000,NA,constant,basic,NA,4,nv16,normal,main,NA,NA,7200,NA,loop-seek,DP
480,L2_480,file_playback,File,BBB_1080p60.mp4,1080p60,HEVC,30000,NA,constant,basic,NA,4,nv16,normal,main,NA,NA,7200,NA,loop-playback,DP
481,L2_481,file_playback,File,BBB_1080p60.mp4,1080p60,AVC,30000,NA,constant,basic,NA,4,nv16,normal,high,NA,NA,7200,NA,loop-play-eos,DP
482,L2_482,file_playback,File,BBB_1080p60.mp4,1080p60,AVC,30000,NA,constant,basic,NA,0,nv16,reduced-latency,baseline,NA,NA,7200,NA,loop-playback,DP
483,L2_483,file_playback,File,BBB_1080p60.mp4,1080p60,AVC,30000,NA,constant,basic,NA,0,nv16,reduced-latency,main,NA,NA,7200,NA,loop-play-eos,DP
484,L2_484,file_playback,File,BBB_1080p60.mp4,1080p60,HEVC,30000,NA,constant,basic,NA,0,nv16,reduced-latency,main,NA,NA,7200,NA,repeat-file-play,DP
485,L2_485,file_playback,File,BBB_1080p60.mp4,1080p60,AVC,30000,NA,constant,basic,NA,0,nv16,reduced-latency,high,NA,NA,7200,NA,loop-seek,DP
486,L2_486,file_playback,File,BBB_1080p60.mp4,1080p60,AVC,30000,NA,constant,basic,NA,0,nv16,low-latency,baseline,NA,NA,7200,NA,loop-play-eos,DP
487,L2_487,file_playback,File,BBB_1080p60.mp4,1080p60,AVC,30000,NA,constant,basic,NA,0,nv16,low-latency,main,NA,NA,7200,NA,loop-playback,DP
488,L2_488,file_playback,File,BBB_1080p60.mp4,1080p60,HEVC,30000,NA,constant,basic,NA,0,nv16,low-latency,main,NA,NA,7200,NA,loop-seek,DP
489,L2_489,file_playback,File,BBB_1080p60.mp4,1080p60,AVC,30000,NA,constant,basic,NA,0,nv16,low-latency,high,NA,NA,7200,NA,repeat-file-play,DP
490,L2_490,file_playback,File,BBB_1080p60.mp4,1080p60,AVC,30000,NA,constant,basic,NA,0,nv12-10le32,normal,baseline,NA,NA,7200,NA,loop-seek,DP
491,L2_491,file_playback,File,BBB_1080p60.mp4,1080p60,AVC,30000,NA,constant,basic,NA,4,nv12-10le32,normal,main,NA,NA,7200,NA,repeat-file-play,DP
492,L2_492,file_playback,File,BBB_1080p60.mp4,1080p60,HEVC,30000,NA,constant,basic,NA,4,nv12-10le32,normal,main,NA,NA,7200,NA,loop-play-eos,DP
493,L2_493,file_playback,File,BBB_1080p60.mp4,1080p60,AVC,30000,NA,constant,basic,NA,4,nv12-10le32,normal,high,NA,NA,7200,NA,loop-playback,DP
494,L2_494,file_playback,File,BBB_1080p60.mp4,1080p60,AVC,30000,NA,constant,basic,NA,0,nv12-10le32,reduced-latency,baseline,NA,NA,7200,NA,repeat-file-play,DP
495,L2_495,file_playback,File,BBB_1080p60.mp4,1080p60,AVC,30000,NA,constant,basic,NA,0,nv12-10le32,reduced-latency,main,NA,NA,7200,NA,loop-seek,DP
496,L2_496,file_playback,File,BBB_1080p60.mp4,1080p60,HEVC,30000,NA,constant,basic,NA,0,nv12-10le32,reduced-latency,main,NA,NA,7200,NA,loop-playback,DP
497,L2_497,file_playback,File,BBB_1080p60.mp4,1080p60,AVC,30000,NA,constant,basic,NA,0,nv12-10le32,reduced-latency,high,NA,NA,7200,NA,loop-play-eos,DP
498,L2_498,file_playback,File,BBB_1080p60.mp4,1080p60,AVC,30000,NA,constant,basic,NA,0,nv12-10le32,low-latency,baseline,NA,NA,7200,NA,loop-playback,DP
499,L2_499,file_playback,File,BBB_1080p60.mp4,1080p60,AVC,30000,NA,constant,basic,NA,0,nv12-10le32,low-latency,main,NA,NA,7200,NA,loop-play-eos,DP
500,L2_500,file_playback,File,BBB_1080p60.mp4,1080p60,HEVC,30000,NA,constant,basic,NA,0,nv12-10le32,low-latency,main,NA,NA,7200,NA,repeat-file-play,DP
501,L2_501,file_playback,File,BBB_1080p60.mp4,1080p60,AVC,30000,NA,constant,basic,NA,0,nv12-10le32,low-latency,high,NA,NA,7200,NA,loop-seek,DP
502,L2_502,file_playback,File,BBB_1080p60.mp4,1080p60,AVC,30000,NA,constant,basic,NA,0,nv16-10le32,normal,baseline,NA,NA,7200,NA,loop-play-eos,DP
503,L2_503,file_playback,File,BBB_1080p60.mp4,1080p60,AVC,30000,NA,constant,basic,NA,4,nv16-10le32,normal,main,NA,NA,7200,NA,loop-playback,DP
504,L2_504,file_playback,File,BBB_1080p60.mp4,1080p60,HEVC,30000,NA,constant,basic,NA,4,nv16-10le32,normal,main,NA,NA,7200,NA,loop-seek,DP
505,L2_505,file_playback,File,BBB_1080p60.mp4,1080p60,AVC,30000,NA,constant,basic,NA,4,nv16-10le32,normal,high,NA,NA,7200,NA,repeat-file-play,DP
506,L2_506,file_playback,File,BBB_1080p60.mp4,1080p60,AVC,30000,NA,constant,basic,NA,0,nv16-10le32,reduced-latency,baseline,NA,NA,7200,NA,loop-seek,DP
507,L2_507,file_playback,File,BBB_1080p60.mp4,1080p60,AVC,30000,NA,constant,basic,NA,0,nv16-10le32,reduced-latency,main,NA,NA,7200,NA,repeat-file-play,DP
508,L2_508,file_playback,File,BBB_1080p60.mp4,1080p60,HEVC,30000,NA,constant,basic,NA,0,nv16-10le32,reduced-latency,main,NA,NA,7200,NA,loop-play-eos,DP
509,L2_509,file_playback,File,BBB_1080p60.mp4,1080p60,AVC,30000,NA,constant,basic,NA,0,nv16-10le32,reduced-latency,high,NA,NA,7200,NA,loop-playback,DP
510,L2_510,file_playback,File,BBB_1080p60.mp4,1080p60,AVC,30000,NA,constant,basic,NA,0,nv16-10le32,low-latency,baseline,NA,NA,7200,NA,repeat-file-play,DP
511,L2_511,file_playback,File,BBB_1080p60.mp4,1080p60,AVC,30000,NA,constant,basic,NA,0,nv16-10le32,low-latency,main,NA,NA,7200,NA,loop-seek,DP
512,L2_512,file_playback,File,BBB_1080p60.mp4,1080p60,HEVC,30000,NA,constant,basic,NA,0,nv16-10le32,low-latency,main,NA,NA,7200,NA,loop-playback,DP
513,L2_513,file_playback,File,BBB_1080p60.mp4,1080p60,AVC,30000,NA,constant,basic,NA,0,nv16-10le32,low-latency,high,NA,NA,7200,NA,loop-play-eos,DP
"
