S.no,Testcase,Test type,Source,Bitstream,Resolution&Fps,Codec,Target Bitrate,Max Bitrate,Control Rate,GOP Mode,GOP Length,B-Frames,Format,Latency Mode,Profile,QP Mode,Num Slices,Num buffers,Prefetch Buffer,Mode,Slice size,Dependent slice,CPB size,Initial delay,Min QP,Max QP,Quant-I-frames,Quant-P-frames,Quant-B-frames,Filler-data,Low-bandwidth,Periodicity-idr,GDR Mode,Entropy Mode,Intra-prediction,Loop-filter-mode,Scaling-list,Aspect-ratio,Level,Tier,Entropy-buffers
267,L1_267,capture_enc_dec,HDMI,,4kp60,AVC,50000,NA,constant,basic,0,0,NV12,normal,high,auto,16,21600,TRUE,NA,NA,NA,NA,1000,0,30,20,30,NA,TRUE,TRUE,NA,NA,CAVLC,TRUE,default,default,NA,NA,NA,NA
268,L1_268,capture_enc_dec,HDMI,,4kp60,AVC,50000,NA,constant,pyramidal,60,3,NV12,normal,high,uniform,8,21600,TRUE,NA,NA,NA,3500,NA,20,50,20,20,NA,FALSE,FALSE,NA,NA,CABAC,FALSE,disable-slice-boundary,flat,NA,NA,NA,NA
269,L1_269,capture_enc_dec,MIPI,,4kp60,AVC,40000,NA,variable,low-delay-b,3,NA,NV12,normal,high,uniform,16,21600,TRUE,NA,NA,NA,2000,1000,10,45,30,15,25,TRUE,TRUE,NA,NA,CABAC,FALSE,default,default,NA,NA,NA,NA
270,L1_270,capture_enc_dec,HDMI,,4kp30,AVC,50000,NA,constant,low-delay-p,30,NA,NV12,normal,high,auto,32,10800,TRUE,NA,NA,NA,3500,1700,0,30,20,30,NA,TRUE,FALSE,NA,NA,CAVLC,TRUE,default,default,NA,NA,NA,NA
271,L1_271,capture_enc_dec,HDMI,,4kp30,HEVC,50000,NA,constant,low-delay-p,30,NA,NV12,normal,main,auto,16,10800,TRUE,NA,NA,NA,2000,1000,0,50,25,30,NA,TRUE,TRUE,NA,vertical,NA,FALSE,disable,flat,NA,NA,NA,NA
272,L1_272,capture_enc_dec,HDMI,,1080p30,HEVC,50000,NA,constant,low-delay-p,60,NA,NV12,normal,main,auto,11,10800,TRUE,NA,NA,NA,1400,1500,0,50,25,30,NA,TRUE,TRUE,NA,disabled,NA,FALSE,disable,flat,NA,NA,NA,NA
